GMG12864_lib.c:434:6:GMG12864_logo_demonstration	24	static
GMG12864_lib.c:469:13:GMG12864_Send_command	16	static
GMG12864_lib.c:488:13:GMG12864_Send_data	16	static
GMG12864_lib.c:500:6:GMG12864_Clean_Frame_buffer	8	static
GMG12864_lib.c:542:6:GMG12864_Init	8	static
GMG12864_lib.c:580:6:GMG12864_DrawBitmap	24	static
GMG12864_lib.c:605:6:GMG12864_Draw_pixel	24	static
GMG12864_lib.c:623:6:GMG12864_Update	16	static
GMG12864_lib.c:637:6:GMG12864_Print_symbol_5x7	32	static
GMG12864_lib.c:680:6:GMG12864_Print_symbol_3x5	32	static
GMG12864_lib.c:723:6:GMG12864_Decode_UTF8	40	static
GMG12864_lib.c:846:6:GMG12864_Inversion	16	static
GMG12864_lib.c:857:9:GMG12864_Value_for_Plot	72	static
GMG12864_lib.c:884:6:GMG12864_Fill_the_array_Plot	32	static
GMG12864_lib.c:922:6:GMG12864_Generate_a_Graph	88	static
GMG12864_lib.c:1039:6:GMG12864_Draw_line	48	static
GMG12864_lib.c:1063:6:GMG12864_Draw_rectangle	32	static
GMG12864_lib.c:1087:6:GMG12864_Draw_rectangle_filled	40	static
GMG12864_lib.c:1110:6:GMG12864_Draw_circle	48	static
GMG12864_lib.c:1150:6:GMG12864_Draw_circle_filled	48	static
GMG12864_lib.c:1187:6:GMG12864_Draw_triangle	32	static
GMG12864_lib.c:1203:6:GMG12864_Draw_triangle_filled	64	static
